[guns.lol/zleon.html]
[r2.guns.lol/4ed71ac8-05ad-41ae-97a5-588a822687df.gif]
[guns.lol/_next/static/css/33cd60ccabffe20a.css]
[guns.lol/_next/static/css/11999634b1bc477a.css]
[guns.lol/_next/static/css/4c1a83e784be31e5.css]
[guns.lol/_next/static/chunks/webpack-c49c703ef40b683a.js]
[guns.lol/_next/static/chunks/4bd1b696-5cc00fdd89cac993.js]
[guns.lol/_next/static/chunks/1684-ccd0ab83cbafdc8f.js]
[guns.lol/_next/static/chunks/main-app-c95b87e4dbcdea77.js]
[guns.lol/_next/static/chunks/app/layout-75c5298ff535ce4d.js]
[guns.lol/_next/static/chunks/6874-1335ddc9318d7318.js]
[guns.lol/_next/static/chunks/app/not-found-d01de2ea7903a161.js]
[guns.lol/_next/static/chunks/5322-a31cc2ef467c25bd.js]
[guns.lol/_next/static/chunks/8306-ea0440b802e2d283.js]
[guns.lol/_next/static/chunks/540-dc9b94456c69f193.js]
[backblue.gif]
[fade.gif]
[index.html]
[guns.lol/zleon.html]
[guns.lol/_next/static/css/33cd60ccabffe20a.css]
[guns.lol/_next/static/css/11999634b1bc477a.css]
[guns.lol/_next/static/css/4c1a83e784be31e5.css]
[guns.lol/_next/static/chunks/8317-551082d7963a590d.html]
[guns.lol/_next/static/chunks/9320-c964abeb0b98869f.html]
[guns.lol/_next/static/chunks/6990-20968a621a3be1f5.html]
[guns.lol/_next/static/chunks/9677-fb2b81040d185490.html]
[guns.lol/_next/static/chunks/4923-5305854283867663.html]
[guns.lol/_next/static/chunks/6696-45c4baeb455b6a2c.html]
[guns.lol/_next/static/chunks/8011-a348fbeef4351322.html]
[guns.lol/_next/static/chunks/1090-c25af56883c9839d.html]
[guns.lol/_next/static/chunks/app/[username]/page-38552e58254d8e61.html]
[sa.guns.lol/latest.html]
[assets.guns.lol/cursor-effects.html]
[challenges.cloudflare.com/turnstile/v0/api.html]
[assets.guns.lol/favicon/apple-touch-icon.html]
[assets.guns.lol/favicon/favicon-32x32.html]
[assets.guns.lol/favicon/favicon-16x16.html]
[guns.lol/_next/static/chunks/polyfills-42372ed130431b0a.html]
[guns.lol/cdn-cgi/challenge-platform/scripts/jsd/main.html]
[assets.guns.lol/gradient_background.html]
